// Jest Snapshot v1, https://goo.gl/fbAQLP

exports[`ScreenStart should render correctly 1`] = `
<section
  class="screen start"
>
  <div
    class="splash"
  >
    <div
      class="inner"
    >
      <div
        class="logo"
      >
        SleekSpriter
      </div>
      <ul>
        <li>
          <a>
            New file
          </a>
        </li>
        <li>
          <a>
            Open file
          </a>
        </li>
      </ul>
    </div>
  </div>
  <div
    class="area statusbar"
  >
    <div
      class="bar"
    >
      0.2.16
    </div>
  </div>
</section>
`;
