// Jest Snapshot v1, https://goo.gl/fbAQLP

exports[`EraserTool should render correctly 1`] = `
<div
  class="ToolComponent"
  id="Eraser-Tool"
>
  <i
    class="icon flaticon-double31"
    style="position:relative;left:0.25em"
  />
  <span
    class="hint"
  >
    Click a pixel to erase it.
  </span>
</div>
`;
