// Jest Snapshot v1, https://goo.gl/fbAQLP

exports[`EyedropperTool should render correctly 1`] = `
<div
  class="ToolComponent"
  id="Eyedropper-Tool"
>
  <i
    class="icon flaticon-eyedropper2"
  />
  <div
    class="colorswatch"
    id="EyedropperSwatch"
  />
  <ul>
    <li>
      Hex: 
      <span
        id="EyedropperHex"
      >
        transparent
      </span>
    </li>
    <li>
      RGB: 
      <span
        id="EyedropperRGB"
      >
        -, -, -
      </span>
    </li>
  </ul>
  <span
    class="spacer"
  />
  <span
    class="hint"
  >
    Click any non-transparent pixel to pick its color.
  </span>
</div>
`;
