// Jest Snapshot v1, https://goo.gl/fbAQLP

exports[`EyedropperTool should render correctly 1`] = `"<div id=\\"Eyedropper-Tool\\" class=\\"ToolComponent\\"><i class=\\"icon flaticon-eyedropper2\\"></i><div id=\\"EyedropperSwatch\\" class=\\"colorswatch\\"></div><ul><li>Hex: <span id=\\"EyedropperHex\\">transparent</span></li><li>RGB: <span id=\\"EyedropperRGB\\">-, -, -</span></li></ul><span class=\\"spacer\\"></span><span class=\\"hint\\">Click any non-transparent pixel to pick its color.</span></div>"`;
