// Jest Snapshot v1, https://goo.gl/fbAQLP

exports[`RectangularSelectionTool should render correctly 1`] = `
<div
  class="ToolComponent"
  id="RectangularSelection-Tool"
>
  <i
    class="icon flaticon-selection7"
  />
  <span
    class="hint"
  >
    Select some pixels to work with!
  </span>
</div>
`;
