// Jest Snapshot v1, https://goo.gl/fbAQLP

exports[`ExportZoomSelection should render correctly 1`] = `"<div><h6>Zoom</h6><ul><li><input type=\\"range\\" min=\\"1\\" max=\\"50\\" value=\\"1\\"/><input type=\\"number\\" min=\\"1\\" max=\\"50\\" value=\\"1\\"/></li><li><i>Image size: \${w}x\${h} pixels</i></li></ul></div>"`;
