// Jest Snapshot v1, https://goo.gl/fbAQLP

exports[`ExportPartSelection should render correctly 1`] = `"<div><h6>Export</h6><ul><li><label><input type=\\"radio\\" name=\\"export-part\\" value=\\"spritesheet\\" checked=\\"\\"/>Spritesheet as single image</label></li><li><label><input type=\\"radio\\" name=\\"export-part\\" value=\\"frame\\"/><span>Frame <input type=\\"number\\" value=\\"1\\" min=\\"1\\" max=\\"4\\"/> / 4 as image</span></label></li></ul></div>"`;
